Copyright 1986-2014 Xilinx, Inc. All Rights Reserved.
---------------------------------------------------------------------------------------------------------------------
| Tool Version : Vivado v.2014.4 (win64) Build 1071353 Tue Nov 18 18:29:27 MST 2014
| Date         : Sun Nov 20 21:33:14 2016
| Host         : Laudelino-NB running 64-bit major release  (build 9200)
| Command      : report_utilization -file KalmanProject_utilization_synth.rpt -pb KalmanProject_utilization_synth.pb
| Design       : KalmanProject
| Device       : xc7z020
| Design State : Synthesized
---------------------------------------------------------------------------------------------------------------------

Utilization Design Information

Table of Contents
-----------------
1. Slice Logic
1.1 Summary of Registers by Type
2. Memory
3. DSP
4. IO and GT Specific
5. Clocking
6. Specific Feature
7. Primitives
8. Black Boxes
9. Instantiated Netlists

1. Slice Logic
--------------

+----------------------------+-------+-------+-----------+-------+
|          Site Type         |  Used | Fixed | Available | Util% |
+----------------------------+-------+-------+-----------+-------+
| Slice LUTs*                | 20998 |     0 |     53200 | 39.46 |
|   LUT as Logic             | 20765 |     0 |     53200 | 39.03 |
|   LUT as Memory            |   233 |     0 |     17400 |  1.33 |
|     LUT as Distributed RAM |   156 |     0 |           |       |
|     LUT as Shift Register  |    77 |     0 |           |       |
| Slice Registers            | 49315 |    14 |    106400 | 46.34 |
|   Register as Flip Flop    | 49315 |    14 |    106400 | 46.34 |
|   Register as Latch        |     0 |     0 |    106400 |  0.00 |
| F7 Muxes                   |   274 |     0 |     26600 |  1.03 |
| F8 Muxes                   |     7 |     0 |     13300 |  0.05 |
+----------------------------+-------+-------+-----------+-------+
* Warning! The Final LUT count, after physical optimizations and full implementation, is typically lower. Run opt_design after synthesis, if not already completed, for a more realistic count.


1.1 Summary of Registers by Type
--------------------------------

+-------+--------------+-------------+--------------+
| Total | Clock Enable | Synchronous | Asynchronous |
+-------+--------------+-------------+--------------+
| 0     |            _ |           - |            - |
| 0     |            _ |           - |          Set |
| 0     |            _ |           - |        Reset |
| 0     |            _ |         Set |            - |
| 0     |            _ |       Reset |            - |
| 0     |          Yes |           - |            - |
| 0     |          Yes |           - |          Set |
| 83    |          Yes |           - |        Reset |
| 1680  |          Yes |         Set |            - |
| 47552 |          Yes |       Reset |            - |
+-------+--------------+-------------+--------------+


2. Memory
---------

+-------------------+------+-------+-----------+-------+
|     Site Type     | Used | Fixed | Available | Util% |
+-------------------+------+-------+-----------+-------+
| Block RAM Tile    |    1 |     0 |       140 |  0.71 |
|   RAMB36/FIFO*    |    0 |     0 |       140 |  0.00 |
|   RAMB18          |    2 |     0 |       280 |  0.71 |
|     RAMB18E1 only |    2 |       |           |       |
+-------------------+------+-------+-----------+-------+
* Note: Each Block RAM Tile only has one FIFO logic available and therefore can accommodate only one FIFO36E1 or one FIFO18E1. However, if a FIFO18E1 occupies a Block RAM Tile, that tile can still accommodate a RAMB18E1


3. DSP
------

+-----------+------+-------+-----------+-------+
| Site Type | Used | Fixed | Available | Util% |
+-----------+------+-------+-----------+-------+
| DSPs      |    0 |     0 |       220 |  0.00 |
+-----------+------+-------+-----------+-------+


4. IO and GT Specific
---------------------

+-----------------------------+------+-------+-----------+-------+
|          Site Type          | Used | Fixed | Available | Util% |
+-----------------------------+------+-------+-----------+-------+
| Bonded IOB                  |   41 |     0 |       200 | 20.50 |
| Bonded IPADs                |    0 |     0 |         2 |  0.00 |
| Bonded IOPADs               |    0 |     0 |       130 |  0.00 |
| PHY_CONTROL                 |    0 |     0 |         4 |  0.00 |
| PHASER_REF                  |    0 |     0 |         4 |  0.00 |
| OUT_FIFO                    |    0 |     0 |        16 |  0.00 |
| IN_FIFO                     |    0 |     0 |        16 |  0.00 |
| IDELAYCTRL                  |    0 |     0 |         4 |  0.00 |
| IBUFGDS                     |    0 |     0 |       192 |  0.00 |
| PHASER_OUT/PHASER_OUT_PHY   |    0 |     0 |        16 |  0.00 |
| PHASER_IN/PHASER_IN_PHY     |    0 |     0 |        16 |  0.00 |
| IDELAYE2/IDELAYE2_FINEDELAY |    0 |     0 |       200 |  0.00 |
| ILOGIC                      |    0 |     0 |       200 |  0.00 |
| OLOGIC                      |    0 |     0 |       200 |  0.00 |
+-----------------------------+------+-------+-----------+-------+


5. Clocking
-----------

+------------+------+-------+-----------+-------+
|  Site Type | Used | Fixed | Available | Util% |
+------------+------+-------+-----------+-------+
| BUFGCTRL   |    4 |     0 |        32 | 12.50 |
| BUFIO      |    0 |     0 |        16 |  0.00 |
| MMCME2_ADV |    0 |     0 |         4 |  0.00 |
| PLLE2_ADV  |    1 |     0 |         4 | 25.00 |
| BUFMRCE    |    0 |     0 |         8 |  0.00 |
| BUFHCE     |    0 |     0 |        72 |  0.00 |
| BUFR       |    0 |     0 |        16 |  0.00 |
+------------+------+-------+-----------+-------+


6. Specific Feature
-------------------

+-------------+------+-------+-----------+-------+
|  Site Type  | Used | Fixed | Available | Util% |
+-------------+------+-------+-----------+-------+
| BSCANE2     |    0 |     0 |         4 |  0.00 |
| CAPTUREE2   |    0 |     0 |         1 |  0.00 |
| DNA_PORT    |    0 |     0 |         1 |  0.00 |
| EFUSE_USR   |    0 |     0 |         1 |  0.00 |
| FRAME_ECCE2 |    0 |     0 |         1 |  0.00 |
| ICAPE2      |    0 |     0 |         2 |  0.00 |
| STARTUPE2   |    0 |     0 |         1 |  0.00 |
| XADC        |    0 |     0 |         1 |  0.00 |
+-------------+------+-------+-----------+-------+


7. Primitives
-------------

+-----------+-------+----------------------+
|  Ref Name |  Used |  Functional Category |
+-----------+-------+----------------------+
| FDRE      | 47552 |         Flop & Latch |
| LUT6      |  9512 |                  LUT |
| LUT3      |  5246 |                  LUT |
| LUT5      |  4140 |                  LUT |
| LUT4      |  2163 |                  LUT |
| LUT2      |  2073 |                  LUT |
| FDSE      |  1680 |         Flop & Latch |
| LUT1      |   785 |                  LUT |
| CARRY4    |   360 |           CarryLogic |
| MUXF7     |   274 |                MuxFx |
| BIBUF     |   130 |                   IO |
| RAMD64E   |    96 |   Distributed Memory |
| FDCE      |    83 |         Flop & Latch |
| RAMD32    |    82 |   Distributed Memory |
| SRLC32E   |    47 |   Distributed Memory |
| SRL16E    |    30 |   Distributed Memory |
| OBUF      |    29 |                   IO |
| RAMS32    |    22 |   Distributed Memory |
| MUXF8     |     7 |                MuxFx |
| IBUF      |     7 |                   IO |
| OBUFT     |     6 |                   IO |
| BUFG      |     4 |                Clock |
| RAMB18E1  |     2 |         Block Memory |
| PS7       |     1 | Specialized Resource |
| PLLE2_ADV |     1 |                Clock |
+-----------+-------+----------------------+


8. Black Boxes
--------------

+-----------+------+
|  Ref Name | Used |
+-----------+------+
| PLPS_FIFO |   13 |
| fp_MLA    |   10 |
| fp_mul    |    5 |
| fp_sub    |    3 |
| fp_div    |    3 |
| fp_conv   |    3 |
| fp_add    |    3 |
| fp_sqrt   |    2 |
| vga_fifo  |    1 |
+-----------+------+


9. Instantiated Netlists
------------------------

+---------------+------+
|    Ref Name   | Used |
+---------------+------+
| xillyvga_core |    1 |
| xillybus_lite |    1 |
| xillybus_core |    1 |
+---------------+------+


